// Jest Snapshot v1, https://goo.gl/fbAQLP

exports[`GameCell should render correctly 1`] = `
Object {
  "asFragment": [Function],
  "baseElement": <body>
    <div>
      <div
        class="css-11t2uff-DataCellContainer e16h0enc3"
      >
        <div
          class="css-1vth247-DataCell e16h0enc2"
        >
          <img
            alt="Elite Dangerous"
            src="https://BASE_IMAGE/game/1/image"
          />
        </div>
        <div
          class="css-1vth247-DataCell e16h0enc2"
        >
          <div
            class="game_cell_title css-1e19oy8-DataItem e16h0enc1"
          >
            Elite Dangerous
          </div>
          <div
            class="game_cell_store css-1e19oy8-DataItem e16h0enc1"
          >
            Steam
          </div>
        </div>
        <div
          class="css-1vth247-DataCell e16h0enc2"
        >
          <div
            class="css-1e19oy8-DataItem e16h0enc1"
          >
            Normal Price
          </div>
          <div
            class="css-1mqh484-DataValue e16h0enc0"
          >
            29.99
          </div>
        </div>
        <div
          class="css-1vth247-DataCell e16h0enc2"
        >
          <div
            class="css-1e19oy8-DataItem e16h0enc1"
          >
            Sale Price
          </div>
          <div
            class="css-1mqh484-DataValue e16h0enc0"
          >
            5.99
          </div>
        </div>
        <div
          class="css-1vth247-DataCell e16h0enc2"
        >
          <div
            class="css-1e19oy8-DataItem e16h0enc1"
          >
            Savings
          </div>
          <div
            class="css-1mqh484-DataValue e16h0enc0"
          >
            24.00
          </div>
        </div>
        <div
          class="css-1vth247-DataCell e16h0enc2"
        >
          <div
            class="game_cell_metacritic-rating css-1e19oy8-DataItem e16h0enc1"
          >
            85
          </div>
          <div
            class="game_cell_steam-rating css-1e19oy8-DataItem e16h0enc1"
          >
            Mostly Positive
          </div>
          <div
            class="game_cell_deal-rating css-1e19oy8-DataItem e16h0enc1"
          >
            4.0
          </div>
        </div>
      </div>
    </div>
  </body>,
  "container": <div>
    <div
      class="css-11t2uff-DataCellContainer e16h0enc3"
    >
      <div
        class="css-1vth247-DataCell e16h0enc2"
      >
        <img
          alt="Elite Dangerous"
          src="https://BASE_IMAGE/game/1/image"
        />
      </div>
      <div
        class="css-1vth247-DataCell e16h0enc2"
      >
        <div
          class="game_cell_title css-1e19oy8-DataItem e16h0enc1"
        >
          Elite Dangerous
        </div>
        <div
          class="game_cell_store css-1e19oy8-DataItem e16h0enc1"
        >
          Steam
        </div>
      </div>
      <div
        class="css-1vth247-DataCell e16h0enc2"
      >
        <div
          class="css-1e19oy8-DataItem e16h0enc1"
        >
          Normal Price
        </div>
        <div
          class="css-1mqh484-DataValue e16h0enc0"
        >
          29.99
        </div>
      </div>
      <div
        class="css-1vth247-DataCell e16h0enc2"
      >
        <div
          class="css-1e19oy8-DataItem e16h0enc1"
        >
          Sale Price
        </div>
        <div
          class="css-1mqh484-DataValue e16h0enc0"
        >
          5.99
        </div>
      </div>
      <div
        class="css-1vth247-DataCell e16h0enc2"
      >
        <div
          class="css-1e19oy8-DataItem e16h0enc1"
        >
          Savings
        </div>
        <div
          class="css-1mqh484-DataValue e16h0enc0"
        >
          24.00
        </div>
      </div>
      <div
        class="css-1vth247-DataCell e16h0enc2"
      >
        <div
          class="game_cell_metacritic-rating css-1e19oy8-DataItem e16h0enc1"
        >
          85
        </div>
        <div
          class="game_cell_steam-rating css-1e19oy8-DataItem e16h0enc1"
        >
          Mostly Positive
        </div>
        <div
          class="game_cell_deal-rating css-1e19oy8-DataItem e16h0enc1"
        >
          4.0
        </div>
      </div>
    </div>
  </div>,
  "debug": [Function],
  "findAllByAltText": [Function],
  "findAllByDisplayValue": [Function],
  "findAllByLabelText": [Function],
  "findAllByPlaceholderText": [Function],
  "findAllByRole": [Function],
  "findAllByTestId": [Function],
  "findAllByText": [Function],
  "findAllByTitle": [Function],
  "findByAltText": [Function],
  "findByDisplayValue": [Function],
  "findByLabelText": [Function],
  "findByPlaceholderText": [Function],
  "findByRole": [Function],
  "findByTestId": [Function],
  "findByText": [Function],
  "findByTitle": [Function],
  "getAllByAltText": [Function],
  "getAllByDisplayValue": [Function],
  "getAllByLabelText": [Function],
  "getAllByPlaceholderText": [Function],
  "getAllByRole": [Function],
  "getAllByTestId": [Function],
  "getAllByText": [Function],
  "getAllByTitle": [Function],
  "getByAltText": [Function],
  "getByDisplayValue": [Function],
  "getByLabelText": [Function],
  "getByPlaceholderText": [Function],
  "getByRole": [Function],
  "getByTestId": [Function],
  "getByText": [Function],
  "getByTitle": [Function],
  "queryAllByAltText": [Function],
  "queryAllByDisplayValue": [Function],
  "queryAllByLabelText": [Function],
  "queryAllByPlaceholderText": [Function],
  "queryAllByRole": [Function],
  "queryAllByTestId": [Function],
  "queryAllByText": [Function],
  "queryAllByTitle": [Function],
  "queryByAltText": [Function],
  "queryByDisplayValue": [Function],
  "queryByLabelText": [Function],
  "queryByPlaceholderText": [Function],
  "queryByRole": [Function],
  "queryByTestId": [Function],
  "queryByText": [Function],
  "queryByTitle": [Function],
  "rerender": [Function],
  "unmount": [Function],
}
`;
