// Jest Snapshot v1, https://goo.gl/fbAQLP

exports[`GameCell should render correctly 1`] = `
Object {
  "asFragment": [Function],
  "baseElement": <body>
    <div>
      <div>
        <div>
          <img
            alt="Elite Dangerous"
            src="https://BASE_IMAGE/game/1/image"
          />
        </div>
        <div>
          <span
            class="game_cell_title"
          >
            Elite Dangerous
          </span>
          <span
            class="game_cell_store"
          >
            Steam
          </span>
        </div>
        <div>
          <span
            class="game_cell_normal-price"
          >
            29.99
          </span>
          <span
            class="game_cell_sale-price"
          >
            5.99
          </span>
          <span
            class="game_cell_price-saving"
          >
            24.00
          </span>
        </div>
        <div>
          <span
            class="game_cell_metacritic-rating"
          >
            85
          </span>
          <span
            class="game_cell_steam-rating"
          >
            Mostly Positive
          </span>
          <span
            class="game_cell_deal-rating"
          >
            4.0
          </span>
        </div>
      </div>
    </div>
  </body>,
  "container": <div>
    <div>
      <div>
        <img
          alt="Elite Dangerous"
          src="https://BASE_IMAGE/game/1/image"
        />
      </div>
      <div>
        <span
          class="game_cell_title"
        >
          Elite Dangerous
        </span>
        <span
          class="game_cell_store"
        >
          Steam
        </span>
      </div>
      <div>
        <span
          class="game_cell_normal-price"
        >
          29.99
        </span>
        <span
          class="game_cell_sale-price"
        >
          5.99
        </span>
        <span
          class="game_cell_price-saving"
        >
          24.00
        </span>
      </div>
      <div>
        <span
          class="game_cell_metacritic-rating"
        >
          85
        </span>
        <span
          class="game_cell_steam-rating"
        >
          Mostly Positive
        </span>
        <span
          class="game_cell_deal-rating"
        >
          4.0
        </span>
      </div>
    </div>
  </div>,
  "debug": [Function],
  "findAllByAltText": [Function],
  "findAllByDisplayValue": [Function],
  "findAllByLabelText": [Function],
  "findAllByPlaceholderText": [Function],
  "findAllByRole": [Function],
  "findAllByTestId": [Function],
  "findAllByText": [Function],
  "findAllByTitle": [Function],
  "findByAltText": [Function],
  "findByDisplayValue": [Function],
  "findByLabelText": [Function],
  "findByPlaceholderText": [Function],
  "findByRole": [Function],
  "findByTestId": [Function],
  "findByText": [Function],
  "findByTitle": [Function],
  "getAllByAltText": [Function],
  "getAllByDisplayValue": [Function],
  "getAllByLabelText": [Function],
  "getAllByPlaceholderText": [Function],
  "getAllByRole": [Function],
  "getAllByTestId": [Function],
  "getAllByText": [Function],
  "getAllByTitle": [Function],
  "getByAltText": [Function],
  "getByDisplayValue": [Function],
  "getByLabelText": [Function],
  "getByPlaceholderText": [Function],
  "getByRole": [Function],
  "getByTestId": [Function],
  "getByText": [Function],
  "getByTitle": [Function],
  "queryAllByAltText": [Function],
  "queryAllByDisplayValue": [Function],
  "queryAllByLabelText": [Function],
  "queryAllByPlaceholderText": [Function],
  "queryAllByRole": [Function],
  "queryAllByTestId": [Function],
  "queryAllByText": [Function],
  "queryAllByTitle": [Function],
  "queryByAltText": [Function],
  "queryByDisplayValue": [Function],
  "queryByLabelText": [Function],
  "queryByPlaceholderText": [Function],
  "queryByRole": [Function],
  "queryByTestId": [Function],
  "queryByText": [Function],
  "queryByTitle": [Function],
  "rerender": [Function],
  "unmount": [Function],
}
`;
